start time: 1711568432.2936325
atoms: 6
energy decomposition:
(0, 'HarmonicBondForce'): 10000.0 kJ/mol
(1, 'CustomNonbondedForce'): 8.038546184252482e-07 kJ/mol
total energy: 10000.000000803855 kJ/mol

minimizing energy

energy decomposition:
(0, 'HarmonicBondForce'): 1.1249362269979693e-10 kJ/mol
(1, 'CustomNonbondedForce'): 0.00010877533350139856 kJ/mol
total energy: 0.00010877544599502126 kJ/mol

end time: 1711568432.3136811
total time: 0.02004861831665039 [s]
